// Jest Snapshot v1, https://goo.gl/fbAQLP

exports[`DottedButton render 1`] = `
<button
  className="sc-bdnxRM lYPIQ"
>
  hello dotted-button
</button>
`;
